▲ Next.js 16.2.12 (Turbopack)
- Local:         http://localhost:3001
- Network:       http://169.254.83.107:3001
- Environments: .env.local
✓ Ready in 2.1s

○ Compiling /store-settings ...
 GET /store-settings 200 in 9.7s (next.js: 7.7s, application-code: 1953ms)
○ Compiling /api/auth/me ...
 GET /api/auth/me 200 in 4.3s (next.js: 4.2s, application-code: 142ms)
 GET /api/store-settings 200 in 8.2s (next.js: 4.8s, application-code: 3.4s)
 GET /api/store-settings 200 in 78ms (next.js: 10ms, application-code: 68ms)
 GET /item-inquiries 200 in 568ms (next.js: 266ms, application-code: 302ms)
 GET /api/item-inquiries 200 in 541ms (next.js: 383ms, application-code: 158ms)
 GET /api/item-inquiries 200 in 365ms (next.js: 16ms, application-code: 349ms)
 GET /store-settings 200 in 307ms (next.js: 36ms, application-code: 271ms)
 GET /api/store-settings 200 in 600ms (next.js: 31ms, application-code: 569ms)
 GET /api/store-settings 200 in 387ms (next.js: 23ms, application-code: 365ms)
 GET /item-inquiries 200 in 1494ms (next.js: 642ms, application-code: 852ms)
 GET /api/item-inquiries 200 in 283ms (next.js: 14ms, application-code: 269ms)
 GET /api/item-inquiries 200 in 307ms (next.js: 36ms, application-code: 271ms)
 GET /custom-requests 200 in 683ms (next.js: 297ms, application-code: 387ms)
 GET /api/custom-requests 200 in 603ms (next.js: 447ms, application-code: 156ms)
 GET /api/custom-requests 200 in 216ms (next.js: 32ms, application-code: 185ms)
 GET /daily-rates 200 in 737ms (next.js: 227ms, application-code: 510ms)
 GET /api/daily-rates 200 in 1554ms (next.js: 486ms, application-code: 1068ms)
 GET /api/daily-rates 200 in 330ms (next.js: 42ms, application-code: 289ms)
 GET /api/materials 200 in 2.5s (next.js: 1238ms, application-code: 1299ms)
 GET /api/materials 200 in 532ms (next.js: 203ms, application-code: 329ms)
 GET /items 200 in 1181ms (next.js: 298ms, application-code: 883ms)
 GET /api/materials 200 in 860ms (next.js: 30ms, application-code: 830ms)
 GET /api/materials 200 in 189ms (next.js: 18ms, application-code: 171ms)
 GET /api/items 200 in 1444ms (next.js: 411ms, application-code: 1033ms)
 GET /api/items 200 in 847ms (next.js: 15ms, application-code: 832ms)
 GET /api/categories 200 in 2.4s (next.js: 788ms, application-code: 1592ms)
 GET /api/categories 200 in 224ms (next.js: 23ms, application-code: 201ms)
○ Compiling /categories ...
 GET /categories 200 in 10.6s (next.js: 10.5s, application-code: 155ms)
